// Jest Snapshot v1, https://goo.gl/fbAQLP

exports[`<RoundImage /> Component should match snapshot 1`] = `"<div class=\\"imgWrapper\\"><img style=\\"width:50px;height:50px\\" class=\\"roundImage\\"/></div>"`;
