// Jest Snapshot v1, https://goo.gl/fbAQLP

exports[`BlockVenue Component when paper is from conference should render correctly 1`] = `
<div
  className="wrapper"
>
  <i
    className="icon journalIcon"
  />
  <span
    className="journalContent"
  >
    <span
      className="publishedDate"
    >
      May 1, 2016
    </span>
    <span
      className="venueNameReadonly"
    >
       in 
      IEEE Symposium on Security and Privacy
    </span>
  </span>
</div>
`;
