// Jest Snapshot v1, https://goo.gl/fbAQLP

exports[`<EvaluationComments /> component should match snapshot 1`] = `"<div class=\\"commentsWrapper\\"><div class=\\"commentWrapper\\"><div class=\\"authorInformation\\"><img class=\\"icon avatarIcon\\" src=\\"https://dd2gn9pwu61vr.cloudfront.net/avatar\\" alt=\\"AVATAR\\"/><span class=\\"authorName\\">Antonia Ruprecht</span></div><div class=\\"commentArea\\">Trying to figure out the potential impact of Blockchain implementations in the setting of clinical trials will shed new light on how modern clinical trial methods could evolve and benefit from Blockchain technologies in order to tackle the aforementioned challenges.</div><div class=\\"commentedAt\\">6 days ago</div></div><div class=\\"commentWrapper\\"><div class=\\"authorInformation\\"><img class=\\"icon avatarIcon\\" src=\\"https://dd2gn9pwu61vr.cloudfront.net/avatar\\" alt=\\"AVATAR\\"/><span class=\\"authorName\\">Antonia Ruprecht</span></div><div class=\\"commentArea\\">Trying to figure out the potential impact of Blockchain implementations in the setting of clinical trials will shed new light on how modern clinical trial methods could evolve and benefit from Blockchain technologies in order to tackle the aforementioned challenges.</div><div class=\\"commentedAt\\">6 days ago</div></div><div class=\\"commentWrapper\\"><div class=\\"authorInformation\\"><img class=\\"icon avatarIcon\\" src=\\"https://dd2gn9pwu61vr.cloudfront.net/avatar\\" alt=\\"AVATAR\\"/><span class=\\"authorName\\">Antonia Ruprecht</span></div><div class=\\"commentArea\\">Trying to figure out the potential impact of Blockchain implementations in the setting of clinical trials will shed new light on how modern clinical trial methods could evolve and benefit from Blockchain technologies in order to tackle the aforementioned challenges.</div><div class=\\"commentedAt\\">6 days ago</div></div></div>"`;
