// Jest Snapshot v1, https://goo.gl/fbAQLP

exports[`<TagList /> component should match snapshot 1`] = `"<div class=\\"tagListWrapper\\"><a class=\\"tagItem\\">Open Access Paper</a><a class=\\"tagItem\\">Tylor Shin Awesome</a></div>"`;
