// Jest Snapshot v1, https://goo.gl/fbAQLP

exports[`<FeedItem /> component should match snapshot 1`] = `"<div class=\\"feedItemWrapper\\"><div class=\\"contentSection\\"><div class=\\"leftBox\\"><div class=\\"tagWrapper\\"><div class=\\"tagListWrapper\\"><a class=\\"tagItem\\">POST PAPER</a></div></div><div class=\\"contentWrapper\\"><div class=\\"title\\">this is title.</div><div class=\\"abstractSummary\\">this is summary.</div></div></div><div class=\\"rightBox\\"><div class=\\"rightBoxContent\\"><div class=\\"evaluationPoint\\">7.4</div><div class=\\"evaluationPointText\\">pointed</div></div></div></div><div class=\\"informationBox\\"><div class=\\"informationLeftBox\\"><div><div class=\\"profileImageWrapper\\"><img class=\\"icon avatarIcon\\" src=\\"https://dd2gn9pwu61vr.cloudfront.net/avatar\\" alt=\\"AVATAR\\"/></div><div class=\\"authorInformation\\"><div class=\\"authorName\\">tedyeee</div><div class=\\"authorOrganization\\">test@pluto.network</div></div></div></div><div class=\\"informationRightBox\\"><div class=\\"createdAt\\">Oct 11, 2017</div></div></div></div>"`;
